  Determining projects to restore...
  All projects are up-to-date for restore.
C:\Program Files\dotnet\sdk\10.0.201\Microsoft.Common.CurrentVersion.targets(5395,5): warning MSB3026: Could not copy "D:\BAOCAO_369\obj\Debug\net10.0\apphost.exe" to "bin\Debug\net10.0\BAOCAO_369.exe". Beginning retry 1 in 1000ms. The process cannot access the file 'D:\BAOCAO_369\bin\Debug\net10.0\BAOCAO_369.exe' because it is being used by another process. The file is locked by: "BAOCAO_369 (12888)" [D:\BAOCAO_369\BAOCAO_369.csproj]
C:\Program Files\dotnet\sdk\10.0.201\Microsoft.Common.CurrentVersion.targets(5395,5): warning MSB3026: Could not copy "D:\BAOCAO_369\obj\Debug\net10.0\apphost.exe" to "bin\Debug\net10.0\BAOCAO_369.exe". Beginning retry 2 in 1000ms. The process cannot access the file 'D:\BAOCAO_369\bin\Debug\net10.0\BAOCAO_369.exe' because it is being used by another process. The file is locked by: "BAOCAO_369 (12888)" [D:\BAOCAO_369\BAOCAO_369.csproj]
C:\Program Files\dotnet\sdk\10.0.201\Microsoft.Common.CurrentVersion.targets(5395,5): warning MSB3026: Could not copy "D:\BAOCAO_369\obj\Debug\net10.0\apphost.exe" to "bin\Debug\net10.0\BAOCAO_369.exe". Beginning retry 3 in 1000ms. The process cannot access the file 'D:\BAOCAO_369\bin\Debug\net10.0\BAOCAO_369.exe' because it is being used by another process. The file is locked by: "BAOCAO_369 (12888)" [D:\BAOCAO_369\BAOCAO_369.csproj]
C:\Program Files\dotnet\sdk\10.0.201\Microsoft.Common.CurrentVersion.targets(5395,5): warning MSB3026: Could not copy "D:\BAOCAO_369\obj\Debug\net10.0\apphost.exe" to "bin\Debug\net10.0\BAOCAO_369.exe". Beginning retry 4 in 1000ms. The process cannot access the file 'D:\BAOCAO_369\bin\Debug\net10.0\BAOCAO_369.exe' because it is being used by another process. The file is locked by: "BAOCAO_369 (12888)" [D:\BAOCAO_369\BAOCAO_369.csproj]
C:\Program Files\dotnet\sdk\10.0.201\Microsoft.Common.CurrentVersion.targets(5395,5): warning MSB3026: Could not copy "D:\BAOCAO_369\obj\Debug\net10.0\apphost.exe" to "bin\Debug\net10.0\BAOCAO_369.exe". Beginning retry 5 in 1000ms. The process cannot access the file 'D:\BAOCAO_369\bin\Debug\net10.0\BAOCAO_369.exe' because it is being used by another process. The file is locked by: "BAOCAO_369 (12888)" [D:\BAOCAO_369\BAOCAO_369.csproj]
C:\Program Files\dotnet\sdk\10.0.201\Microsoft.Common.CurrentVersion.targets(5395,5): warning MSB3026: Could not copy "D:\BAOCAO_369\obj\Debug\net10.0\apphost.exe" to "bin\Debug\net10.0\BAOCAO_369.exe". Beginning retry 6 in 1000ms. The process cannot access the file 'D:\BAOCAO_369\bin\Debug\net10.0\BAOCAO_369.exe' because it is being used by another process. The file is locked by: "BAOCAO_369 (12888)" [D:\BAOCAO_369\BAOCAO_369.csproj]
C:\Program Files\dotnet\sdk\10.0.201\Microsoft.Common.CurrentVersion.targets(5395,5): warning MSB3026: Could not copy "D:\BAOCAO_369\obj\Debug\net10.0\apphost.exe" to "bin\Debug\net10.0\BAOCAO_369.exe". Beginning retry 7 in 1000ms. The process cannot access the file 'D:\BAOCAO_369\bin\Debug\net10.0\BAOCAO_369.exe' because it is being used by another process. The file is locked by: "BAOCAO_369 (12888)" [D:\BAOCAO_369\BAOCAO_369.csproj]
C:\Program Files\dotnet\sdk\10.0.201\Microsoft.Common.CurrentVersion.targets(5395,5): warning MSB3026: Could not copy "D:\BAOCAO_369\obj\Debug\net10.0\apphost.exe" to "bin\Debug\net10.0\BAOCAO_369.exe". Beginning retry 8 in 1000ms. The process cannot access the file 'D:\BAOCAO_369\bin\Debug\net10.0\BAOCAO_369.exe' because it is being used by another process. The file is locked by: "BAOCAO_369 (12888)" [D:\BAOCAO_369\BAOCAO_369.csproj]
C:\Program Files\dotnet\sdk\10.0.201\Microsoft.Common.CurrentVersion.targets(5395,5): warning MSB3026: Could not copy "D:\BAOCAO_369\obj\Debug\net10.0\apphost.exe" to "bin\Debug\net10.0\BAOCAO_369.exe". Beginning retry 9 in 1000ms. The process cannot access the file 'D:\BAOCAO_369\bin\Debug\net10.0\BAOCAO_369.exe' because it is being used by another process. The file is locked by: "BAOCAO_369 (12888)" [D:\BAOCAO_369\BAOCAO_369.csproj]
C:\Program Files\dotnet\sdk\10.0.201\Microsoft.Common.CurrentVersion.targets(5395,5): warning MSB3026: Could not copy "D:\BAOCAO_369\obj\Debug\net10.0\apphost.exe" to "bin\Debug\net10.0\BAOCAO_369.exe". Beginning retry 10 in 1000ms. The process cannot access the file 'D:\BAOCAO_369\bin\Debug\net10.0\BAOCAO_369.exe' because it is being used by another process. The file is locked by: "BAOCAO_369 (12888)" [D:\BAOCAO_369\BAOCAO_369.csproj]
C:\Program Files\dotnet\sdk\10.0.201\Microsoft.Common.CurrentVersion.targets(5395,5): error MSB3027: Could not copy "D:\BAOCAO_369\obj\Debug\net10.0\apphost.exe" to "bin\Debug\net10.0\BAOCAO_369.exe". Exceeded retry count of 10. Failed. The file is locked by: "BAOCAO_369 (12888)" [D:\BAOCAO_369\BAOCAO_369.csproj]
C:\Program Files\dotnet\sdk\10.0.201\Microsoft.Common.CurrentVersion.targets(5395,5): error MSB3021: Unable to copy file "D:\BAOCAO_369\obj\Debug\net10.0\apphost.exe" to "bin\Debug\net10.0\BAOCAO_369.exe". The process cannot access the file 'D:\BAOCAO_369\bin\Debug\net10.0\BAOCAO_369.exe' because it is being used by another process. [D:\BAOCAO_369\BAOCAO_369.csproj]

Build FAILED.

C:\Program Files\dotnet\sdk\10.0.201\Microsoft.Common.CurrentVersion.targets(5395,5): warning MSB3026: Could not copy "D:\BAOCAO_369\obj\Debug\net10.0\apphost.exe" to "bin\Debug\net10.0\BAOCAO_369.exe". Beginning retry 1 in 1000ms. The process cannot access the file 'D:\BAOCAO_369\bin\Debug\net10.0\BAOCAO_369.exe' because it is being used by another process. The file is locked by: "BAOCAO_369 (12888)" [D:\BAOCAO_369\BAOCAO_369.csproj]
C:\Program Files\dotnet\sdk\10.0.201\Microsoft.Common.CurrentVersion.targets(5395,5): warning MSB3026: Could not copy "D:\BAOCAO_369\obj\Debug\net10.0\apphost.exe" to "bin\Debug\net10.0\BAOCAO_369.exe". Beginning retry 2 in 1000ms. The process cannot access the file 'D:\BAOCAO_369\bin\Debug\net10.0\BAOCAO_369.exe' because it is being used by another process. The file is locked by: "BAOCAO_369 (12888)" [D:\BAOCAO_369\BAOCAO_369.csproj]
C:\Program Files\dotnet\sdk\10.0.201\Microsoft.Common.CurrentVersion.targets(5395,5): warning MSB3026: Could not copy "D:\BAOCAO_369\obj\Debug\net10.0\apphost.exe" to "bin\Debug\net10.0\BAOCAO_369.exe". Beginning retry 3 in 1000ms. The process cannot access the file 'D:\BAOCAO_369\bin\Debug\net10.0\BAOCAO_369.exe' because it is being used by another process. The file is locked by: "BAOCAO_369 (12888)" [D:\BAOCAO_369\BAOCAO_369.csproj]
C:\Program Files\dotnet\sdk\10.0.201\Microsoft.Common.CurrentVersion.targets(5395,5): warning MSB3026: Could not copy "D:\BAOCAO_369\obj\Debug\net10.0\apphost.exe" to "bin\Debug\net10.0\BAOCAO_369.exe". Beginning retry 4 in 1000ms. The process cannot access the file 'D:\BAOCAO_369\bin\Debug\net10.0\BAOCAO_369.exe' because it is being used by another process. The file is locked by: "BAOCAO_369 (12888)" [D:\BAOCAO_369\BAOCAO_369.csproj]
C:\Program Files\dotnet\sdk\10.0.201\Microsoft.Common.CurrentVersion.targets(5395,5): warning MSB3026: Could not copy "D:\BAOCAO_369\obj\Debug\net10.0\apphost.exe" to "bin\Debug\net10.0\BAOCAO_369.exe". Beginning retry 5 in 1000ms. The process cannot access the file 'D:\BAOCAO_369\bin\Debug\net10.0\BAOCAO_369.exe' because it is being used by another process. The file is locked by: "BAOCAO_369 (12888)" [D:\BAOCAO_369\BAOCAO_369.csproj]
C:\Program Files\dotnet\sdk\10.0.201\Microsoft.Common.CurrentVersion.targets(5395,5): warning MSB3026: Could not copy "D:\BAOCAO_369\obj\Debug\net10.0\apphost.exe" to "bin\Debug\net10.0\BAOCAO_369.exe". Beginning retry 6 in 1000ms. The process cannot access the file 'D:\BAOCAO_369\bin\Debug\net10.0\BAOCAO_369.exe' because it is being used by another process. The file is locked by: "BAOCAO_369 (12888)" [D:\BAOCAO_369\BAOCAO_369.csproj]
C:\Program Files\dotnet\sdk\10.0.201\Microsoft.Common.CurrentVersion.targets(5395,5): warning MSB3026: Could not copy "D:\BAOCAO_369\obj\Debug\net10.0\apphost.exe" to "bin\Debug\net10.0\BAOCAO_369.exe". Beginning retry 7 in 1000ms. The process cannot access the file 'D:\BAOCAO_369\bin\Debug\net10.0\BAOCAO_369.exe' because it is being used by another process. The file is locked by: "BAOCAO_369 (12888)" [D:\BAOCAO_369\BAOCAO_369.csproj]
C:\Program Files\dotnet\sdk\10.0.201\Microsoft.Common.CurrentVersion.targets(5395,5): warning MSB3026: Could not copy "D:\BAOCAO_369\obj\Debug\net10.0\apphost.exe" to "bin\Debug\net10.0\BAOCAO_369.exe". Beginning retry 8 in 1000ms. The process cannot access the file 'D:\BAOCAO_369\bin\Debug\net10.0\BAOCAO_369.exe' because it is being used by another process. The file is locked by: "BAOCAO_369 (12888)" [D:\BAOCAO_369\BAOCAO_369.csproj]
C:\Program Files\dotnet\sdk\10.0.201\Microsoft.Common.CurrentVersion.targets(5395,5): warning MSB3026: Could not copy "D:\BAOCAO_369\obj\Debug\net10.0\apphost.exe" to "bin\Debug\net10.0\BAOCAO_369.exe". Beginning retry 9 in 1000ms. The process cannot access the file 'D:\BAOCAO_369\bin\Debug\net10.0\BAOCAO_369.exe' because it is being used by another process. The file is locked by: "BAOCAO_369 (12888)" [D:\BAOCAO_369\BAOCAO_369.csproj]
C:\Program Files\dotnet\sdk\10.0.201\Microsoft.Common.CurrentVersion.targets(5395,5): warning MSB3026: Could not copy "D:\BAOCAO_369\obj\Debug\net10.0\apphost.exe" to "bin\Debug\net10.0\BAOCAO_369.exe". Beginning retry 10 in 1000ms. The process cannot access the file 'D:\BAOCAO_369\bin\Debug\net10.0\BAOCAO_369.exe' because it is being used by another process. The file is locked by: "BAOCAO_369 (12888)" [D:\BAOCAO_369\BAOCAO_369.csproj]
C:\Program Files\dotnet\sdk\10.0.201\Microsoft.Common.CurrentVersion.targets(5395,5): error MSB3027: Could not copy "D:\BAOCAO_369\obj\Debug\net10.0\apphost.exe" to "bin\Debug\net10.0\BAOCAO_369.exe". Exceeded retry count of 10. Failed. The file is locked by: "BAOCAO_369 (12888)" [D:\BAOCAO_369\BAOCAO_369.csproj]
C:\Program Files\dotnet\sdk\10.0.201\Microsoft.Common.CurrentVersion.targets(5395,5): error MSB3021: Unable to copy file "D:\BAOCAO_369\obj\Debug\net10.0\apphost.exe" to "bin\Debug\net10.0\BAOCAO_369.exe". The process cannot access the file 'D:\BAOCAO_369\bin\Debug\net10.0\BAOCAO_369.exe' because it is being used by another process. [D:\BAOCAO_369\BAOCAO_369.csproj]
    10 Warning(s)
    2 Error(s)

Time Elapsed 00:00:13.01
